00:00 +0: loading C:/Users/jamsh/GoogleAntiGravity/SNAP-BILL/test/widget_test.dart
00:00 +0: Counter increments smoke test
Pending timers:
Timer (duration: 0:00:00.000000, periodic: false), created:
#0      new FakeTimer._ (package:fake_async/fake_async.dart:342:62)
#1      FakeAsync._createTimer (package:fake_async/fake_async.dart:260:29)
#2      FakeAsync.run.<anonymous closure> (package:fake_async/fake_async.dart:185:15)
#6      _AnimateState._restart (package:flutter_animate/src/animate.dart:318:23)
#7      _AnimateState.initState (package:flutter_animate/src/animate.dart:290:5)
#8      StatefulElement._firstBuild (package:flutter/src/widgets/framework.dart:5953:55)
#9      ComponentElement.mount (package:flutter/src/widgets/framework.dart:5796:5)
#10     Element.inflateWidget (package:flutter/src/widgets/framework.dart:4590:20)
#11     MultiChildRenderObjectElement.inflateWidget (package:flutter/src/widgets/framework.dart:7269:36)
#12     MultiChildRenderObjectElement.mount (package:flutter/src/widgets/framework.dart:7285:32)
...     Normal element mounting (16 frames)
#28     Element.inflateWidget (package:flutter/src/widgets/framework.dart:4590:20)
#29     MultiChildRenderObjectElement.inflateWidget (package:flutter/src/widgets/framework.dart:7269:36)
#30     MultiChildRenderObjectElement.mount (package:flutter/src/widgets/framework.dart:7285:32)
...     Normal element mounting (25 frames)
#55     Element.inflateWidget (package:flutter/src/widgets/framework.dart:4590:20)
#56     MultiChildRenderObjectElement.inflateWidget (package:flutter/src/widgets/framework.dart:7269:36)
#57     MultiChildRenderObjectElement.mount (package:flutter/src/widgets/framework.dart:7285:32)
...     Normal element mounting (275 frames)
#332    Element.inflateWidget (package:flutter/src/widgets/framework.dart:4590:20)
#333    MultiChildRenderObjectElement.inflateWidget (package:flutter/src/widgets/framework.dart:7269:36)
#334    MultiChildRenderObjectElement.mount (package:flutter/src/widgets/framework.dart:7285:32)
...     Normal element mounting (497 frames)
#831    _UncontrolledProviderScopeElement.mount (package:flutter_riverpod/src/framework.dart:315:11)
...     Normal element mounting (9 frames)
#840    Element.inflateWidget (package:flutter/src/widgets/framework.dart:4590:20)
#841    Element.updateChild (package:flutter/src/widgets/framework.dart:4053:20)
#842    ComponentElement.performRebuild (package:flutter/src/widgets/framework.dart:5844:16)
#843    Element.rebuild (package:flutter/src/widgets/framework.dart:5532:7)
#844    ProxyElement.update (package:flutter/src/widgets/framework.dart:6152:5)
#845    _InheritedNotifierElement.update (package:flutter/src/widgets/inherited_notifier.dart:108:11)
#846    Element.updateChild (package:flutter/src/widgets/framework.dart:4037:15)
#847    ComponentElement.performRebuild (package:flutter/src/widgets/framework.dart:5844:16)
#848    StatefulElement.performRebuild (package:flutter/src/widgets/framework.dart:5985:11)
#849    Element.rebuild (package:flutter/src/widgets/framework.dart:5532:7)
#850    StatefulElement.update (package:flutter/src/widgets/framework.dart:6010:5)
#851    Element.updateChild (package:flutter/src/widgets/framework.dart:4037:15)
#852    ComponentElement.performRebuild (package:flutter/src/widgets/framework.dart:5844:16)
#853    Element.rebuild (package:flutter/src/widgets/framework.dart:5532:7)
#854    ProxyElement.update (package:flutter/src/widgets/framework.dart:6152:5)
#855    _InheritedNotifierElement.update (package:flutter/src/widgets/inherited_notifier.dart:108:11)
#856    Element.updateChild (package:flutter/src/widgets/framework.dart:4037:15)
#857    ComponentElement.performRebuild (package:flutter/src/widgets/framework.dart:5844:16)
#858    StatefulElement.performRebuild (package:flutter/src/widgets/framework.dart:5985:11)
#859    Element.rebuild (package:flutter/src/widgets/framework.dart:5532:7)
#860    StatefulElement.update (package:flutter/src/widgets/framework.dart:6010:5)
#861    Element.updateChild (package:flutter/src/widgets/framework.dart:4037:15)
#862    ComponentElement.performRebuild (package:flutter/src/widgets/framework.dart:5844:16)
#863    StatefulElement.performRebuild (package:flutter/src/widgets/framework.dart:5985:11)
#864    Element.rebuild (package:flutter/src/widgets/framework.dart:5532:7)
#865    StatefulElement.update (package:flutter/src/widgets/framework.dart:6010:5)
#866    Element.updateChild (package:flutter/src/widgets/framework.dart:4037:15)
#867    ComponentElement.performRebuild (package:flutter/src/widgets/framework.dart:5844:16)
#868    Element.rebuild (package:flutter/src/widgets/framework.dart:5532:7)
#869    ProxyElement.update (package:flutter/src/widgets/framework.dart:6152:5)
#870    Element.updateChild (package:flutter/src/widgets/framework.dart:4037:15)
#871    ComponentElement.performRebuild (package:flutter/src/widgets/framework.dart:5844:16)
#872    StatefulElement.performRebuild (package:flutter/src/widgets/framework.dart:5985:11)
#873    Element.rebuild (package:flutter/src/widgets/framework.dart:5532:7)
#874    StatefulElement.update (package:flutter/src/widgets/framework.dart:6010:5)
#875    Element.updateChild (package:flutter/src/widgets/framework.dart:4037:15)
#876    ComponentElement.performRebuild (package:flutter/src/widgets/framework.dart:5844:16)
#877    Element.rebuild (package:flutter/src/widgets/framework.dart:5532:7)
#878    ProxyElement.update (package:flutter/src/widgets/framework.dart:6152:5)
#879    Element.updateChild (package:flutter/src/widgets/framework.dart:4037:15)
#880    ComponentElement.performRebuild (package:flutter/src/widgets/framework.dart:5844:16)
#881    Element.rebuild (package:flutter/src/widgets/framework.dart:5532:7)
#882    ProxyElement.update (package:flutter/src/widgets/framework.dart:6152:5)
#883    Element.updateChild (package:flutter/src/widgets/framework.dart:4037:15)
#884    _RawViewElement._updateChild (package:flutter/src/widgets/view.dart:481:16)
#885    _RawViewElement.update (package:flutter/src/widgets/view.dart:568:5)
#886    Element.updateChild (package:flutter/src/widgets/framework.dart:4037:15)
#887    ComponentElement.performRebuild (package:flutter/src/widgets/framework.dart:5844:16)
#888    Element.rebuild (package:flutter/src/widgets/framework.dart:5532:7)
#889    StatelessElement.update (package:flutter/src/widgets/framework.dart:5898:5)
#890    Element.updateChild (package:flutter/src/widgets/framework.dart:4037:15)
#891    ComponentElement.performRebuild (package:flutter/src/widgets/framework.dart:5844:16)
#892    StatefulElement.performRebuild (package:flutter/src/widgets/framework.dart:5985:11)
#893    Element.rebuild (package:flutter/src/widgets/framework.dart:5532:7)
#894    StatefulElement.update (package:flutter/src/widgets/framework.dart:6010:5)
#895    Element.updateChild (package:flutter/src/widgets/framework.dart:4037:15)
#896    RootElement._rebuild (package:flutter/src/widgets/binding.dart:1782:16)
#897    RootElement.update (package:flutter/src/widgets/binding.dart:1760:5)
#898    RootElement.performRebuild (package:flutter/src/widgets/binding.dart:1774:7)
#899    Element.rebuild (package:flutter/src/widgets/framework.dart:5532:7)
#900    BuildScope._tryRebuild (package:flutter/src/widgets/framework.dart:2750:15)
#901    BuildScope._flushDirtyElements (package:flutter/src/widgets/framework.dart:2807:11)
#902    BuildOwner.buildScope (package:flutter/src/widgets/framework.dart:3111:18)
#903    AutomatedTestWidgetsFlutterBinding.drawFrame (package:flutter_test/src/binding.dart:1506:19)
#904    RendererBinding._handlePersistentFrameCallback (package:flutter/src/rendering/binding.dart:495:5)
#905    SchedulerBinding._invokeFrameCallback (package:flutter/src/scheduler/binding.dart:1434:15)
#906    SchedulerBinding.handleDrawFrame (package:flutter/src/scheduler/binding.dart:1347:9)
#907    AutomatedTestWidgetsFlutterBinding.pump.<anonymous closure> (package:flutter_test/src/binding.dart:1335:9)
#910    TestAsyncUtils.guard (package:flutter_test/src/test_async_utils.dart:74:41)
#911    AutomatedTestWidgetsFlutterBinding.pump (package:flutter_test/src/binding.dart:1324:27)
#912    WidgetTester.pumpWidget.<anonymous closure> (package:flutter_test/src/widget_tester.dart:598:22)
#915    TestAsyncUtils.guard (package:flutter_test/src/test_async_utils.dart:74:41)
#916    WidgetTester.pumpWidget (package:flutter_test/src/widget_tester.dart:595:27)
#917    main.<anonymous closure> (file:///C:/Users/jamsh/GoogleAntiGravity/SNAP-BILL/test/widget_test.dart:17:18)
#918    testWidgets.<anonymous closure>.<anonymous closure> (package:flutter_test/src/widget_tester.dart:192:29)
<asynchronous suspension>
#919    TestWidgetsFlutterBinding._runTestBody (package:flutter_test/src/binding.dart:1059:5)
<asynchronous suspension>
<asynchronous suspension>
(elided 8 frames from dart:async and package:stack_trace)

Timer (duration: 0:00:00.000000, periodic: false), created:
#0      new FakeTimer._ (package:fake_async/fake_async.dart:342:62)
#1      FakeAsync._createTimer (package:fake_async/fake_async.dart:260:29)
#2      FakeAsync.run.<anonymous closure> (package:fake_async/fake_async.dart:185:15)
#6      _AnimateState._restart (package:flutter_animate/src/animate.dart:318:23)
#7      _AnimateState.initState (package:flutter_animate/src/animate.dart:290:5)
#8      StatefulElement._firstBuild (package:flutter/src/widgets/framework.dart:5953:55)
#9      ComponentElement.mount (package:flutter/src/widgets/framework.dart:5796:5)
#10     Element.inflateWidget (package:flutter/src/widgets/framework.dart:4590:20)
#11     MultiChildRenderObjectElement.inflateWidget (package:flutter/src/widgets/framework.dart:7269:36)
#12     MultiChildRenderObjectElement.mount (package:flutter/src/widgets/framework.dart:7285:32)
...     Normal element mounting (105 frames)
#117    Element.inflateWidget (package:flutter/src/widgets/framework.dart:4590:20)
#118    MultiChildRenderObjectElement.inflateWidget (package:flutter/src/widgets/framework.dart:7269:36)
#119    MultiChildRenderObjectElement.mount (package:flutter/src/widgets/framework.dart:7285:32)
...     Normal element mounting (16 frames)
#135    Element.inflateWidget (package:flutter/src/widgets/framework.dart:4590:20)
#136    MultiChildRenderObjectElement.inflateWidget (package:flutter/src/widgets/framework.dart:7269:36)
#137    MultiChildRenderObjectElement.mount (package:flutter/src/widgets/framework.dart:7285:32)
...     Normal element mounting (25 frames)
#162    Element.inflateWidget (package:flutter/src/widgets/framework.dart:4590:20)
#163    MultiChildRenderObjectElement.inflateWidget (package:flutter/src/widgets/framework.dart:7269:36)
#164    MultiChildRenderObjectElement.mount (package:flutter/src/widgets/framework.dart:7285:32)
...     Normal element mounting (275 frames)
#439    Element.inflateWidget (package:flutter/src/widgets/framework.dart:4590:20)
#440    MultiChildRenderObjectElement.inflateWidget (package:flutter/src/widgets/framework.dart:7269:36)
#441    MultiChildRenderObjectElement.mount (package:flutter/src/widgets/framework.dart:7285:32)
...     Normal element mounting (497 frames)
#938    _UncontrolledProviderScopeElement.mount (package:flutter_riverpod/src/framework.dart:315:11)
...     Normal element mounting (9 frames)
#947    Element.inflateWidget (package:flutter/src/widgets/framework.dart:4590:20)
#948    Element.updateChild (package:flutter/src/widgets/framework.dart:4053:20)
#949    ComponentElement.performRebuild (package:flutter/src/widgets/framework.dart:5844:16)
#950    Element.rebuild (package:flutter/src/widgets/framework.dart:5532:7)
#951    ProxyElement.update (package:flutter/src/widgets/framework.dart:6152:5)
#952    _InheritedNotifierElement.update (package:flutter/src/widgets/inherited_notifier.dart:108:11)
#953    Element.updateChild (package:flutter/src/widgets/framework.dart:4037:15)
#954    ComponentElement.performRebuild (package:flutter/src/widgets/framework.dart:5844:16)
#955    StatefulElement.performRebuild (package:flutter/src/widgets/framework.dart:5985:11)
#956    Element.rebuild (package:flutter/src/widgets/framework.dart:5532:7)
#957    StatefulElement.update (package:flutter/src/widgets/framework.dart:6010:5)
#958    Element.updateChild (package:flutter/src/widgets/framework.dart:4037:15)
#959    ComponentElement.performRebuild (package:flutter/src/widgets/framework.dart:5844:16)
#960    Element.rebuild (package:flutter/src/widgets/framework.dart:5532:7)
#961    ProxyElement.update (package:flutter/src/widgets/framework.dart:6152:5)
#962    _InheritedNotifierElement.update (package:flutter/src/widgets/inherited_notifier.dart:108:11)
#963    Element.updateChild (package:flutter/src/widgets/framework.dart:4037:15)
#964    ComponentElement.performRebuild (package:flutter/src/widgets/framework.dart:5844:16)
#965    StatefulElement.performRebuild (package:flutter/src/widgets/framework.dart:5985:11)
#966    Element.rebuild (package:flutter/src/widgets/framework.dart:5532:7)
#967    StatefulElement.update (package:flutter/src/widgets/framework.dart:6010:5)
#968    Element.updateChild (package:flutter/src/widgets/framework.dart:4037:15)
#969    ComponentElement.performRebuild (package:flutter/src/widgets/framework.dart:5844:16)
#970    StatefulElement.performRebuild (package:flutter/src/widgets/framework.dart:5985:11)
#971    Element.rebuild (package:flutter/src/widgets/framework.dart:5532:7)
#972    StatefulElement.update (package:flutter/src/widgets/framework.dart:6010:5)
#973    Element.updateChild (package:flutter/src/widgets/framework.dart:4037:15)
#974    ComponentElement.performRebuild (package:flutter/src/widgets/framework.dart:5844:16)
#975    Element.rebuild (package:flutter/src/widgets/framework.dart:5532:7)
#976    ProxyElement.update (package:flutter/src/widgets/framework.dart:6152:5)
#977    Element.updateChild (package:flutter/src/widgets/framework.dart:4037:15)
#978    ComponentElement.performRebuild (package:flutter/src/widgets/framework.dart:5844:16)
#979    StatefulElement.performRebuild (package:flutter/src/widgets/framework.dart:5985:11)
#980    Element.rebuild (package:flutter/src/widgets/framework.dart:5532:7)
#981    StatefulElement.update (package:flutter/src/widgets/framework.dart:6010:5)
#982    Element.updateChild (package:flutter/src/widgets/framework.dart:4037:15)
#983    ComponentElement.performRebuild (package:flutter/src/widgets/framework.dart:5844:16)
#984    Element.rebuild (package:flutter/src/widgets/framework.dart:5532:7)
#985    ProxyElement.update (package:flutter/src/widgets/framework.dart:6152:5)
#986    Element.updateChild (package:flutter/src/widgets/framework.dart:4037:15)
#987    ComponentElement.performRebuild (package:flutter/src/widgets/framework.dart:5844:16)
#988    Element.rebuild (package:flutter/src/widgets/framework.dart:5532:7)
#989    ProxyElement.update (package:flutter/src/widgets/framework.dart:6152:5)
#990    Element.updateChild (package:flutter/src/widgets/framework.dart:4037:15)
#991    _RawViewElement._updateChild (package:flutter/src/widgets/view.dart:481:16)
#992    _RawViewElement.update (package:flutter/src/widgets/view.dart:568:5)
#993    Element.updateChild (package:flutter/src/widgets/framework.dart:4037:15)
#994    ComponentElement.performRebuild (package:flutter/src/widgets/framework.dart:5844:16)
#995    Element.rebuild (package:flutter/src/widgets/framework.dart:5532:7)
#996    StatelessElement.update (package:flutter/src/widgets/framework.dart:5898:5)
#997    Element.updateChild (package:flutter/src/widgets/framework.dart:4037:15)
#998    ComponentElement.performRebuild (package:flutter/src/widgets/framework.dart:5844:16)
#999    StatefulElement.performRebuild (package:flutter/src/widgets/framework.dart:5985:11)
#1000   Element.rebuild (package:flutter/src/widgets/framework.dart:5532:7)
#1001   StatefulElement.update (package:flutter/src/widgets/framework.dart:6010:5)
#1002   Element.updateChild (package:flutter/src/widgets/framework.dart:4037:15)
#1003   RootElement._rebuild (package:flutter/src/widgets/binding.dart:1782:16)
#1004   RootElement.update (package:flutter/src/widgets/binding.dart:1760:5)
#1005   RootElement.performRebuild (package:flutter/src/widgets/binding.dart:1774:7)
#1006   Element.rebuild (package:flutter/src/widgets/framework.dart:5532:7)
#1007   BuildScope._tryRebuild (package:flutter/src/widgets/framework.dart:2750:15)
#1008   BuildScope._flushDirtyElements (package:flutter/src/widgets/framework.dart:2807:11)
#1009   BuildOwner.buildScope (package:flutter/src/widgets/framework.dart:3111:18)
#1010   AutomatedTestWidgetsFlutterBinding.drawFrame (package:flutter_test/src/binding.dart:1506:19)
#1011   RendererBinding._handlePersistentFrameCallback (package:flutter/src/rendering/binding.dart:495:5)
#1012   SchedulerBinding._invokeFrameCallback (package:flutter/src/scheduler/binding.dart:1434:15)
#1013   SchedulerBinding.handleDrawFrame (package:flutter/src/scheduler/binding.dart:1347:9)
#1014   AutomatedTestWidgetsFlutterBinding.pump.<anonymous closure> (package:flutter_test/src/binding.dart:1335:9)
#1017   TestAsyncUtils.guard (package:flutter_test/src/test_async_utils.dart:74:41)
#1018   AutomatedTestWidgetsFlutterBinding.pump (package:flutter_test/src/binding.dart:1324:27)
#1019   WidgetTester.pumpWidget.<anonymous closure> (package:flutter_test/src/widget_tester.dart:598:22)
#1022   TestAsyncUtils.guard (package:flutter_test/src/test_async_utils.dart:74:41)
#1023   WidgetTester.pumpWidget (package:flutter_test/src/widget_tester.dart:595:27)
#1024   main.<anonymous closure> (file:///C:/Users/jamsh/GoogleAntiGravity/SNAP-BILL/test/widget_test.dart:17:18)
#1025   testWidgets.<anonymous closure>.<anonymous closure> (package:flutter_test/src/widget_tester.dart:192:29)
<asynchronous suspension>
#1026   TestWidgetsFlutterBinding._runTestBody (package:flutter_test/src/binding.dart:1059:5)
<asynchronous suspension>
<asynchronous suspension>
(elided 8 frames from dart:async and package:stack_trace)

Timer (duration: 0:00:00.000000, periodic: false), created:
#0      new FakeTimer._ (package:fake_async/fake_async.dart:342:62)
#1      FakeAsync._createTimer (package:fake_async/fake_async.dart:260:29)
#2      FakeAsync.run.<anonymous closure> (package:fake_async/fake_async.dart:185:15)
#6      _AnimateState._restart (package:flutter_animate/src/animate.dart:318:23)
#7      _AnimateState.initState (package:flutter_animate/src/animate.dart:290:5)
#8      StatefulElement._firstBuild (package:flutter/src/widgets/framework.dart:5953:55)
#9      ComponentElement.mount (package:flutter/src/widgets/framework.dart:5796:5)
#10     Element.inflateWidget (package:flutter/src/widgets/framework.dart:4590:20)
#11     MultiChildRenderObjectElement.inflateWidget (package:flutter/src/widgets/framework.dart:7269:36)
#12     MultiChildRenderObjectElement.mount (package:flutter/src/widgets/framework.dart:7285:32)
...     Normal element mounting (105 frames)
#117    Element.inflateWidget (package:flutter/src/widgets/framework.dart:4590:20)
#118    MultiChildRenderObjectElement.inflateWidget (package:flutter/src/widgets/framework.dart:7269:36)
#119    MultiChildRenderObjectElement.mount (package:flutter/src/widgets/framework.dart:7285:32)
...     Normal element mounting (16 frames)
#135    Element.inflateWidget (package:flutter/src/widgets/framework.dart:4590:20)
#136    MultiChildRenderObjectElement.inflateWidget (package:flutter/src/widgets/framework.dart:7269:36)
#137    MultiChildRenderObjectElement.mount (package:flutter/src/widgets/framework.dart:7285:32)
...     Normal element mounting (25 frames)
#162    Element.inflateWidget (package:flutter/src/widgets/framework.dart:4590:20)
#163    MultiChildRenderObjectElement.inflateWidget (package:flutter/src/widgets/framework.dart:7269:36)
#164    MultiChildRenderObjectElement.mount (package:flutter/src/widgets/framework.dart:7285:32)
...     Normal element mounting (275 frames)
#439    Element.inflateWidget (package:flutter/src/widgets/framework.dart:4590:20)
#440    MultiChildRenderObjectElement.inflateWidget (package:flutter/src/widgets/framework.dart:7269:36)
#441    MultiChildRenderObjectElement.mount (package:flutter/src/widgets/framework.dart:7285:32)
...     Normal element mounting (497 frames)
#938    _UncontrolledProviderScopeElement.mount (package:flutter_riverpod/src/framework.dart:315:11)
...     Normal element mounting (9 frames)
#947    Element.inflateWidget (package:flutter/src/widgets/framework.dart:4590:20)
#948    Element.updateChild (package:flutter/src/widgets/framework.dart:4053:20)
#949    ComponentElement.performRebuild (package:flutter/src/widgets/framework.dart:5844:16)
#950    Element.rebuild (package:flutter/src/widgets/framework.dart:5532:7)
#951    ProxyElement.update (package:flutter/src/widgets/framework.dart:6152:5)
#952    _InheritedNotifierElement.update (package:flutter/src/widgets/inherited_notifier.dart:108:11)
#953    Element.updateChild (package:flutter/src/widgets/framework.dart:4037:15)
#954    ComponentElement.performRebuild (package:flutter/src/widgets/framework.dart:5844:16)
#955    StatefulElement.performRebuild (package:flutter/src/widgets/framework.dart:5985:11)
#956    Element.rebuild (package:flutter/src/widgets/framework.dart:5532:7)
#957    StatefulElement.update (package:flutter/src/widgets/framework.dart:6010:5)
#958    Element.updateChild (package:flutter/src/widgets/framework.dart:4037:15)
#959    ComponentElement.performRebuild (package:flutter/src/widgets/framework.dart:5844:16)
#960    Element.rebuild (package:flutter/src/widgets/framework.dart:5532:7)
#961    ProxyElement.update (package:flutter/src/widgets/framework.dart:6152:5)
#962    _InheritedNotifierElement.update (package:flutter/src/widgets/inherited_notifier.dart:108:11)
#963    Element.updateChild (package:flutter/src/widgets/framework.dart:4037:15)
#964    ComponentElement.performRebuild (package:flutter/src/widgets/framework.dart:5844:16)
#965    StatefulElement.performRebuild (package:flutter/src/widgets/framework.dart:5985:11)
#966    Element.rebuild (package:flutter/src/widgets/framework.dart:5532:7)
#967    StatefulElement.update (package:flutter/src/widgets/framework.dart:6010:5)
#968    Element.updateChild (package:flutter/src/widgets/framework.dart:4037:15)
#969    ComponentElement.performRebuild (package:flutter/src/widgets/framework.dart:5844:16)
#970    StatefulElement.performRebuild (package:flutter/src/widgets/framework.dart:5985:11)
#971    Element.rebuild (package:flutter/src/widgets/framework.dart:5532:7)
#972    StatefulElement.update (package:flutter/src/widgets/framework.dart:6010:5)
#973    Element.updateChild (package:flutter/src/widgets/framework.dart:4037:15)
#974    ComponentElement.performRebuild (package:flutter/src/widgets/framework.dart:5844:16)
#975    Element.rebuild (package:flutter/src/widgets/framework.dart:5532:7)
#976    ProxyElement.update (package:flutter/src/widgets/framework.dart:6152:5)
#977    Element.updateChild (package:flutter/src/widgets/framework.dart:4037:15)
#978    ComponentElement.performRebuild (package:flutter/src/widgets/framework.dart:5844:16)
#979    StatefulElement.performRebuild (package:flutter/src/widgets/framework.dart:5985:11)
#980    Element.rebuild (package:flutter/src/widgets/framework.dart:5532:7)
#981    StatefulElement.update (package:flutter/src/widgets/framework.dart:6010:5)
#982    Element.updateChild (package:flutter/src/widgets/framework.dart:4037:15)
#983    ComponentElement.performRebuild (package:flutter/src/widgets/framework.dart:5844:16)
#984    Element.rebuild (package:flutter/src/widgets/framework.dart:5532:7)
#985    ProxyElement.update (package:flutter/src/widgets/framework.dart:6152:5)
#986    Element.updateChild (package:flutter/src/widgets/framework.dart:4037:15)
#987    ComponentElement.performRebuild (package:flutter/src/widgets/framework.dart:5844:16)
#988    Element.rebuild (package:flutter/src/widgets/framework.dart:5532:7)
#989    ProxyElement.update (package:flutter/src/widgets/framework.dart:6152:5)
#990    Element.updateChild (package:flutter/src/widgets/framework.dart:4037:15)
#991    _RawViewElement._updateChild (package:flutter/src/widgets/view.dart:481:16)
#992    _RawViewElement.update (package:flutter/src/widgets/view.dart:568:5)
#993    Element.updateChild (package:flutter/src/widgets/framework.dart:4037:15)
#994    ComponentElement.performRebuild (package:flutter/src/widgets/framework.dart:5844:16)
#995    Element.rebuild (package:flutter/src/widgets/framework.dart:5532:7)
#996    StatelessElement.update (package:flutter/src/widgets/framework.dart:5898:5)
#997    Element.updateChild (package:flutter/src/widgets/framework.dart:4037:15)
#998    ComponentElement.performRebuild (package:flutter/src/widgets/framework.dart:5844:16)
#999    StatefulElement.performRebuild (package:flutter/src/widgets/framework.dart:5985:11)
#1000   Element.rebuild (package:flutter/src/widgets/framework.dart:5532:7)
#1001   StatefulElement.update (package:flutter/src/widgets/framework.dart:6010:5)
#1002   Element.updateChild (package:flutter/src/widgets/framework.dart:4037:15)
#1003   RootElement._rebuild (package:flutter/src/widgets/binding.dart:1782:16)
#1004   RootElement.update (package:flutter/src/widgets/binding.dart:1760:5)
#1005   RootElement.performRebuild (package:flutter/src/widgets/binding.dart:1774:7)
#1006   Element.rebuild (package:flutter/src/widgets/framework.dart:5532:7)
#1007   BuildScope._tryRebuild (package:flutter/src/widgets/framework.dart:2750:15)
#1008   BuildScope._flushDirtyElements (package:flutter/src/widgets/framework.dart:2807:11)
#1009   BuildOwner.buildScope (package:flutter/src/widgets/framework.dart:3111:18)
#1010   AutomatedTestWidgetsFlutterBinding.drawFrame (package:flutter_test/src/binding.dart:1506:19)
#1011   RendererBinding._handlePersistentFrameCallback (package:flutter/src/rendering/binding.dart:495:5)
#1012   SchedulerBinding._invokeFrameCallback (package:flutter/src/scheduler/binding.dart:1434:15)
#1013   SchedulerBinding.handleDrawFrame (package:flutter/src/scheduler/binding.dart:1347:9)
#1014   AutomatedTestWidgetsFlutterBinding.pump.<anonymous closure> (package:flutter_test/src/binding.dart:1335:9)
#1017   TestAsyncUtils.guard (package:flutter_test/src/test_async_utils.dart:74:41)
#1018   AutomatedTestWidgetsFlutterBinding.pump (package:flutter_test/src/binding.dart:1324:27)
#1019   WidgetTester.pumpWidget.<anonymous closure> (package:flutter_test/src/widget_tester.dart:598:22)
#1022   TestAsyncUtils.guard (package:flutter_test/src/test_async_utils.dart:74:41)
#1023   WidgetTester.pumpWidget (package:flutter_test/src/widget_tester.dart:595:27)
#1024   main.<anonymous closure> (file:///C:/Users/jamsh/GoogleAntiGravity/SNAP-BILL/test/widget_test.dart:17:18)
#1025   testWidgets.<anonymous closure>.<anonymous closure> (package:flutter_test/src/widget_tester.dart:192:29)
<asynchronous suspension>
#1026   TestWidgetsFlutterBinding._runTestBody (package:flutter_test/src/binding.dart:1059:5)
<asynchronous suspension>
<asynchronous suspension>
(elided 8 frames from dart:async and package:stack_trace)

Timer (duration: 0:00:00.000000, periodic: false), created:
#0      new FakeTimer._ (package:fake_async/fake_async.dart:342:62)
#1      FakeAsync._createTimer (package:fake_async/fake_async.dart:260:29)
#2      FakeAsync.run.<anonymous closure> (package:fake_async/fake_async.dart:185:15)
#6      _AnimateState._restart (package:flutter_animate/src/animate.dart:318:23)
#7      _AnimateState.initState (package:flutter_animate/src/animate.dart:290:5)
#8      StatefulElement._firstBuild (package:flutter/src/widgets/framework.dart:5953:55)
#9      ComponentElement.mount (package:flutter/src/widgets/framework.dart:5796:5)
#10     Element.inflateWidget (package:flutter/src/widgets/framework.dart:4590:20)
#11     MultiChildRenderObjectElement.inflateWidget (package:flutter/src/widgets/framework.dart:7269:36)
#12     MultiChildRenderObjectElement.mount (package:flutter/src/widgets/framework.dart:7285:32)
...     Normal element mounting (105 frames)
#117    Element.inflateWidget (package:flutter/src/widgets/framework.dart:4590:20)
#118    MultiChildRenderObjectElement.inflateWidget (package:flutter/src/widgets/framework.dart:7269:36)
#119    MultiChildRenderObjectElement.mount (package:flutter/src/widgets/framework.dart:7285:32)
...     Normal element mounting (16 frames)
#135    Element.inflateWidget (package:flutter/src/widgets/framework.dart:4590:20)
#136    MultiChildRenderObjectElement.inflateWidget (package:flutter/src/widgets/framework.dart:7269:36)
#137    MultiChildRenderObjectElement.mount (package:flutter/src/widgets/framework.dart:7285:32)
...     Normal element mounting (25 frames)
#162    Element.inflateWidget (package:flutter/src/widgets/framework.dart:4590:20)
#163    MultiChildRenderObjectElement.inflateWidget (package:flutter/src/widgets/framework.dart:7269:36)
#164    MultiChildRenderObjectElement.mount (package:flutter/src/widgets/framework.dart:7285:32)
...     Normal element mounting (275 frames)
#439    Element.inflateWidget (package:flutter/src/widgets/framework.dart:4590:20)
#440    MultiChildRenderObjectElement.inflateWidget (package:flutter/src/widgets/framework.dart:7269:36)
#441    MultiChildRenderObjectElement.mount (package:flutter/src/widgets/framework.dart:7285:32)
...     Normal element mounting (497 frames)
#938    _UncontrolledProviderScopeElement.mount (package:flutter_riverpod/src/framework.dart:315:11)
...     Normal element mounting (9 frames)
#947    Element.inflateWidget (package:flutter/src/widgets/framework.dart:4590:20)
#948    Element.updateChild (package:flutter/src/widgets/framework.dart:4053:20)
#949    ComponentElement.performRebuild (package:flutter/src/widgets/framework.dart:5844:16)
#950    Element.rebuild (package:flutter/src/widgets/framework.dart:5532:7)
#951    ProxyElement.update (package:flutter/src/widgets/framework.dart:6152:5)
#952    _InheritedNotifierElement.update (package:flutter/src/widgets/inherited_notifier.dart:108:11)
#953    Element.updateChild (package:flutter/src/widgets/framework.dart:4037:15)
#954    ComponentElement.performRebuild (package:flutter/src/widgets/framework.dart:5844:16)
#955    StatefulElement.performRebuild (package:flutter/src/widgets/framework.dart:5985:11)
#956    Element.rebuild (package:flutter/src/widgets/framework.dart:5532:7)
#957    StatefulElement.update (package:flutter/src/widgets/framework.dart:6010:5)
#958    Element.updateChild (package:flutter/src/widgets/framework.dart:4037:15)
#959    ComponentElement.performRebuild (package:flutter/src/widgets/framework.dart:5844:16)
#960    Element.rebuild (package:flutter/src/widgets/framework.dart:5532:7)
#961    ProxyElement.update (package:flutter/src/widgets/framework.dart:6152:5)
#962    _InheritedNotifierElement.update (package:flutter/src/widgets/inherited_notifier.dart:108:11)
#963    Element.updateChild (package:flutter/src/widgets/framework.dart:4037:15)
#964    ComponentElement.performRebuild (package:flutter/src/widgets/framework.dart:5844:16)
#965    StatefulElement.performRebuild (package:flutter/src/widgets/framework.dart:5985:11)
#966    Element.rebuild (package:flutter/src/widgets/framework.dart:5532:7)
#967    StatefulElement.update (package:flutter/src/widgets/framework.dart:6010:5)
#968    Element.updateChild (package:flutter/src/widgets/framework.dart:4037:15)
#969    ComponentElement.performRebuild (package:flutter/src/widgets/framework.dart:5844:16)
#970    StatefulElement.performRebuild (package:flutter/src/widgets/framework.dart:5985:11)
#971    Element.rebuild (package:flutter/src/widgets/framework.dart:5532:7)
#972    StatefulElement.update (package:flutter/src/widgets/framework.dart:6010:5)
#973    Element.updateChild (package:flutter/src/widgets/framework.dart:4037:15)
#974    ComponentElement.performRebuild (package:flutter/src/widgets/framework.dart:5844:16)
#975    Element.rebuild (package:flutter/src/widgets/framework.dart:5532:7)
#976    ProxyElement.update (package:flutter/src/widgets/framework.dart:6152:5)
#977    Element.updateChild (package:flutter/src/widgets/framework.dart:4037:15)
#978    ComponentElement.performRebuild (package:flutter/src/widgets/framework.dart:5844:16)
#979    StatefulElement.performRebuild (package:flutter/src/widgets/framework.dart:5985:11)
#980    Element.rebuild (package:flutter/src/widgets/framework.dart:5532:7)
#981    StatefulElement.update (package:flutter/src/widgets/framework.dart:6010:5)
#982    Element.updateChild (package:flutter/src/widgets/framework.dart:4037:15)
#983    ComponentElement.performRebuild (package:flutter/src/widgets/framework.dart:5844:16)
#984    Element.rebuild (package:flutter/src/widgets/framework.dart:5532:7)
#985    ProxyElement.update (package:flutter/src/widgets/framework.dart:6152:5)
#986    Element.updateChild (package:flutter/src/widgets/framework.dart:4037:15)
#987    ComponentElement.performRebuild (package:flutter/src/widgets/framework.dart:5844:16)
#988    Element.rebuild (package:flutter/src/widgets/framework.dart:5532:7)
#989    ProxyElement.update (package:flutter/src/widgets/framework.dart:6152:5)
#990    Element.updateChild (package:flutter/src/widgets/framework.dart:4037:15)
#991    _RawViewElement._updateChild (package:flutter/src/widgets/view.dart:481:16)
#992    _RawViewElement.update (package:flutter/src/widgets/view.dart:568:5)
#993    Element.updateChild (package:flutter/src/widgets/framework.dart:4037:15)
#994    ComponentElement.performRebuild (package:flutter/src/widgets/framework.dart:5844:16)
#995    Element.rebuild (package:flutter/src/widgets/framework.dart:5532:7)
#996    StatelessElement.update (package:flutter/src/widgets/framework.dart:5898:5)
#997    Element.updateChild (package:flutter/src/widgets/framework.dart:4037:15)
#998    ComponentElement.performRebuild (package:flutter/src/widgets/framework.dart:5844:16)
#999    StatefulElement.performRebuild (package:flutter/src/widgets/framework.dart:5985:11)
#1000   Element.rebuild (package:flutter/src/widgets/framework.dart:5532:7)
#1001   StatefulElement.update (package:flutter/src/widgets/framework.dart:6010:5)
#1002   Element.updateChild (package:flutter/src/widgets/framework.dart:4037:15)
#1003   RootElement._rebuild (package:flutter/src/widgets/binding.dart:1782:16)
#1004   RootElement.update (package:flutter/src/widgets/binding.dart:1760:5)
#1005   RootElement.performRebuild (package:flutter/src/widgets/binding.dart:1774:7)
#1006   Element.rebuild (package:flutter/src/widgets/framework.dart:5532:7)
#1007   BuildScope._tryRebuild (package:flutter/src/widgets/framework.dart:2750:15)
#1008   BuildScope._flushDirtyElements (package:flutter/src/widgets/framework.dart:2807:11)
#1009   BuildOwner.buildScope (package:flutter/src/widgets/framework.dart:3111:18)
#1010   AutomatedTestWidgetsFlutterBinding.drawFrame (package:flutter_test/src/binding.dart:1506:19)
#1011   RendererBinding._handlePersistentFrameCallback (package:flutter/src/rendering/binding.dart:495:5)
#1012   SchedulerBinding._invokeFrameCallback (package:flutter/src/scheduler/binding.dart:1434:15)
#1013   SchedulerBinding.handleDrawFrame (package:flutter/src/scheduler/binding.dart:1347:9)
#1014   AutomatedTestWidgetsFlutterBinding.pump.<anonymous closure> (package:flutter_test/src/binding.dart:1335:9)
#1017   TestAsyncUtils.guard (package:flutter_test/src/test_async_utils.dart:74:41)
#1018   AutomatedTestWidgetsFlutterBinding.pump (package:flutter_test/src/binding.dart:1324:27)
#1019   WidgetTester.pumpWidget.<anonymous closure> (package:flutter_test/src/widget_tester.dart:598:22)
#1022   TestAsyncUtils.guard (package:flutter_test/src/test_async_utils.dart:74:41)
#1023   WidgetTester.pumpWidget (package:flutter_test/src/widget_tester.dart:595:27)
#1024   main.<anonymous closure> (file:///C:/Users/jamsh/GoogleAntiGravity/SNAP-BILL/test/widget_test.dart:17:18)
#1025   testWidgets.<anonymous closure>.<anonymous closure> (package:flutter_test/src/widget_tester.dart:192:29)
<asynchronous suspension>
#1026   TestWidgetsFlutterBinding._runTestBody (package:flutter_test/src/binding.dart:1059:5)
<asynchronous suspension>
<asynchronous suspension>
(elided 8 frames from dart:async and package:stack_trace)

ΓòÉΓòÉΓòí EXCEPTION CAUGHT BY FLUTTER TEST FRAMEWORK Γò₧ΓòÉΓòÉΓòÉΓòÉΓòÉΓòÉΓòÉΓòÉΓòÉΓòÉΓòÉΓòÉΓòÉΓòÉΓòÉΓòÉΓòÉΓòÉΓòÉΓòÉΓòÉΓòÉΓòÉΓòÉΓòÉΓòÉΓòÉΓòÉΓòÉΓòÉΓòÉΓòÉΓòÉΓòÉΓòÉΓòÉΓòÉΓòÉΓòÉΓòÉΓòÉΓòÉΓòÉΓòÉΓòÉΓòÉΓòÉΓòÉΓòÉΓòÉΓòÉΓòÉ
The following assertion was thrown running a test:
A Timer is still pending even after the widget tree was disposed.
'package:flutter_test/src/binding.dart':
Failed assertion: line 1617 pos 12: '!timersPending'

When the exception was thrown, this was the stack:
#2      AutomatedTestWidgetsFlutterBinding._verifyInvariants (package:flutter_test/src/binding.dart:1617:12)
#3      TestWidgetsFlutterBinding._runTestBody (package:flutter_test/src/binding.dart:1078:7)
<asynchronous suspension>
<asynchronous suspension>
(elided 3 frames from class _AssertionError and package:stack_trace)

The test description was:
  Counter increments smoke test
ΓòÉΓòÉΓòÉΓòÉΓòÉΓòÉΓòÉΓòÉΓòÉΓòÉΓòÉΓòÉΓòÉΓòÉΓòÉΓòÉΓòÉΓòÉΓòÉΓòÉΓòÉΓòÉΓòÉΓòÉΓòÉΓòÉΓòÉΓòÉΓòÉΓòÉΓòÉΓòÉΓòÉΓòÉΓòÉΓòÉΓòÉΓòÉΓòÉΓòÉΓòÉΓòÉΓòÉΓòÉΓòÉΓòÉΓòÉΓòÉΓòÉΓòÉΓòÉΓòÉΓòÉΓòÉΓòÉΓòÉΓòÉΓòÉΓòÉΓòÉΓòÉΓòÉΓòÉΓòÉΓòÉΓòÉΓòÉΓòÉΓòÉΓòÉΓòÉΓòÉΓòÉΓòÉΓòÉΓòÉΓòÉΓòÉΓòÉΓòÉΓòÉΓòÉΓòÉΓòÉΓòÉΓòÉΓòÉΓòÉΓòÉΓòÉΓòÉΓòÉΓòÉΓòÉΓòÉΓòÉΓòÉΓòÉΓòÉΓòÉ
00:01 +0 -1: Counter increments smoke test [E]
  Test failed. See exception logs above.
  The test description was: Counter increments smoke test
  
00:01 +0 -1: Some tests failed.
